
> docusphere@0.1.0 build
> next build

  Γû▓ Next.js 14.2.3
  - Environments: .env

   Creating an optimized production build ...
node.exe :  ΓÜá Compiled with warnings
At line:1 char:1
+ & "C:\Program Files\nodejs/node.exe" "C:\Program Files\nodejs/node_mo ...
+ ~~~~~~~~~~~~~~~~~~~~~~~~~~~~~~~~~~~~~~~~~~~~~~~~~~~~~~~~~~~~~~~~~~~~~
    + CategoryInfo          : NotSpecified: ( ΓÜá Compiled with warnings:String) [], RemoteException
    + FullyQualifiedErrorId : NativeCommandError
 

./node_modules/jose/dist/webapi/lib/deflate.js
A Node.js API is used (CompressionStream at line: 10) which is not supported in the Edge Runtime.
Learn more: https://nextjs.org/docs/api-reference/edge-runtime

Import trace for requested module:
./node_modules/jose/dist/webapi/lib/deflate.js
./node_modules/jose/dist/webapi/jwe/flattened/encrypt.js
./node_modules/jose/dist/webapi/index.js

./node_modules/jose/dist/webapi/lib/deflate.js
A Node.js API is used (DecompressionStream at line: 26) which is not supported in the Edge Runtime.
Learn more: https://nextjs.org/docs/api-reference/edge-runtime

Import trace for requested module:
./node_modules/jose/dist/webapi/lib/deflate.js
./node_modules/jose/dist/webapi/jwe/flattened/encrypt.js
./node_modules/jose/dist/webapi/index.js

 Γ£ô Compiled successfully
   Linting and checking validity of types ...
   Collecting page data ...
   Generating static pages (0/19) ...
   Generating static pages (4/19) 
   Generating static pages (9/19) 
Auth me error: n [Error]: Dynamic server usage: Route /api/auth/me couldn't be rendered statically because it used 
cookies. See more info here: https://nextjs.org/docs/messages/dynamic-server-error
    at l (C:\Users\varun\OneDrive\Desktop\docusphere 1\docusphere\.next\server\chunks\948.js:1:37235)
    at Object.f (C:\Users\varun\OneDrive\Desktop\docusphere 1\docusphere\.next\server\chunks\152.js:1:1678)
    at p (C:\Users\varun\OneDrive\Desktop\docusphere 
1\docusphere\.next\server\app\api\admin\users\[id]\route.js:1:2864)
    at l (C:\Users\varun\OneDrive\Desktop\docusphere 1\docusphere\.next\server\app\api\auth\me\route.js:1:949)
    at C:\Users\varun\OneDrive\Desktop\docusphere 
1\docusphere\node_modules\next\dist\compiled\next-server\app-route.runtime.prod.js:6:34672
    at C:\Users\varun\OneDrive\Desktop\docusphere 1\docusphere\node_modules\next\dist\server\lib\trace\tracer.js:140:36
    at NoopContextManager.with (C:\Users\varun\OneDrive\Desktop\docusphere 
1\docusphere\node_modules\next\dist\compiled\@opentelemetry\api\index.js:1:7062)
    at ContextAPI.with (C:\Users\varun\OneDrive\Desktop\docusphere 
1\docusphere\node_modules\next\dist\compiled\@opentelemetry\api\index.js:1:518)
    at NoopTracer.startActiveSpan (C:\Users\varun\OneDrive\Desktop\docusphere 
1\docusphere\node_modules\next\dist\compiled\@opentelemetry\api\index.js:1:18093)
    at ProxyTracer.startActiveSpan (C:\Users\varun\OneDrive\Desktop\docusphere 
1\docusphere\node_modules\next\dist\compiled\@opentelemetry\api\index.js:1:18854) {
  description: "Route /api/auth/me couldn't be rendered statically because it used cookies. See more info here: 
https://nextjs.org/docs/messages/dynamic-server-error",
  digest: 'DYNAMIC_SERVER_USAGE'
}
   Generating static pages (14/19) 
 Γ£ô Generating static pages (19/19)
   Finalizing page optimization ...
   Collecting build traces ...

Route (app)                              Size     First Load JS
Γöî Γùï /                                    3.12 kB         126 kB
Γö£ Γùï /_not-found                          871 B            88 kB
Γö£ Γùï /admin                               5.76 kB         129 kB
Γö£ Γùï /api/admin/analytics                 0 B                0 B
Γö£ Γùï /api/admin/documents                 0 B                0 B
Γö£ ╞Æ /api/admin/documents/[id]            0 B                0 B
Γö£ Γùï /api/admin/users                     0 B                0 B
Γö£ ╞Æ /api/admin/users/[id]                0 B                0 B
Γö£ ╞Æ /api/auth/forgot-password            0 B                0 B
Γö£ ╞Æ /api/auth/login                      0 B                0 B
Γö£ ╞Æ /api/auth/logout                     0 B                0 B
Γö£ ╞Æ /api/auth/me                         0 B                0 B
Γö£ ╞Æ /api/auth/register                   0 B                0 B
Γö£ ╞Æ /api/auth/reset-password             0 B                0 B
Γö£ ╞Æ /api/auth/verify-otp                 0 B                0 B
Γö£ ╞Æ /api/documents                       0 B                0 B
Γö£ ╞Æ /api/documents/[id]                  0 B                0 B
Γö£ ╞Æ /api/documents/[id]/collaborators    0 B                0 B
Γö£ ╞Æ /api/documents/share/[token]         0 B                0 B
Γö£ Γùï /dashboard                           5.97 kB         132 kB
Γö£ ╞Æ /editor/[id]                         193 kB          319 kB
Γö£ ╞Æ /join/[token]                        4.56 kB         128 kB
Γöö Γùï /login                               5.48 kB         129 kB
+ First Load JS shared by all            87.1 kB
  Γö£ chunks/23-606999f7322b897b.js        31.5 kB
  Γö£ chunks/fd9d1056-456aadf69dabb0d9.js  53.6 kB
  Γöö other shared chunks (total)          1.99 kB


╞Æ Middleware                             32.9 kB

Γùï  (Static)   prerendered as static content
╞Æ  (Dynamic)  server-rendered on demand

