
> docusphere@0.1.0 build
> next build

  Γû▓ Next.js 14.2.3
  - Environments: .env

node.exe : 
At line:1 char:1
+ & "C:\Program Files\nodejs/node.exe" "C:\Program Files\nodejs/node_mo ...
+ ~~~~~~~~~~~~~~~~~~~~~~~~~~~~~~~~~~~~~~~~~~~~~~~~~~~~~~~~~~~~~~~~~~~~~
    + CategoryInfo          : NotSpecified: (:String) [], RemoteException
    + FullyQualifiedErrorId : NativeCommandError
 
> Build error occurred
Error: EINVAL: invalid argument, readlink 'C:\Users\varun\OneDrive\Desktop\docusphere 
1\docusphere\.next\static\media\df0a9ae256c0569c-s.woff2'
    at async Object.readlink (node:internal/fs/promises:971:10)
    at async C:\Users\varun\OneDrive\Desktop\docusphere 
1\docusphere\node_modules\next\dist\lib\recursive-delete.js:58:30
    at async Promise.all (index 5)
    at async recursiveDelete (C:\Users\varun\OneDrive\Desktop\docusphere 
1\docusphere\node_modules\next\dist\lib\recursive-delete.js:51:5)
    at async C:\Users\varun\OneDrive\Desktop\docusphere 
1\docusphere\node_modules\next\dist\lib\recursive-delete.js:68:17
    at async Promise.all (index 4)
    at async recursiveDelete (C:\Users\varun\OneDrive\Desktop\docusphere 
1\docusphere\node_modules\next\dist\lib\recursive-delete.js:51:5)
    at async C:\Users\varun\OneDrive\Desktop\docusphere 
1\docusphere\node_modules\next\dist\lib\recursive-delete.js:68:17
    at async Promise.all (index 9)
    at async recursiveDelete (C:\Users\varun\OneDrive\Desktop\docusphere 
1\docusphere\node_modules\next\dist\lib\recursive-delete.js:51:5) {
  errno: -4071,
  code: 'EINVAL',
  syscall: 'readlink',
  path: 'C:\\Users\\varun\\OneDrive\\Desktop\\docusphere 1\\docusphere\\.next\\static\\media\\df0a9ae256c0569c-s.woff2'
}
